// Jest Snapshot v1, https://goo.gl/fbAQLP

exports[`Button should render button component 1`] = `
<button
  className="main"
  rel=""
  target="_self"
>
  <span>
    Button
  </span>
</button>
`;
